0
4
9
complex array:
1,1=0
1,2=0
1,3=0
2,1=2
2,2=4
2,3=0
3,1=3
3,2=6
3,3=0
alternative array:
1,1=0
1,2=0
1,3=0
2,1=2
2,2=4
2,3=0
3,1=0
3,2=0
3,3=0
hello there
5,10
9,10
0,0
0,0
5,18
